python : Traceback (most recent call last):
At line:1 char:13
+ cd backend; python test_trainer_dashboard_features.py > test_output.t ...
+             ~~~~~~~~~~~~~~~~~~~~~~~~~~~~~~~~~~~~~~~~~~~~~~~~~~~~~~~~~
    + CategoryInfo          : NotSpecified: (Traceback (most recent call last)::String) [], RemoteException
    + FullyQualifiedErrorId : NativeCommandError
 
  File "C:\Users\omkar\Documents\FitMate\backend\test_trainer_dashboard_features.py", line 234, in <module>
    run_tests()
  File "C:\Users\omkar\Documents\FitMate\backend\test_trainer_dashboard_features.py", line 78, in run_tests
    print("\U0001f680 Starting Trainer Dashboard Feature Tests...")
  File "C:\Users\omkar\miniconda3\lib\encodings\cp1252.py", line 19, in encode
    return codecs.charmap_encode(input,self.errors,encoding_table)[0]
UnicodeEncodeError: 'charmap' codec can't encode character '\U0001f680' in position 0: character maps to <undefined>
